Diagnostic policy passed: Debug on, Release off, explicit profiling override (GPU-free).
GPU-free delayed-readback checks passed: interval bounds, first/periodic/final scheduling.
GPU-free safety checks passed: reverse cleanup, cleanup failure, idempotence, dispatch brake, durable journal.
Scaling stage configuration and numerical/dispatch stop checks passed (GPU-free).
GPU-free timing checks passed: exclusive stages, inclusive envelopes, signed residual.
GPU-free journal group checks passed: durable intent, bounded checkpoints, early exit, failure, abort, write failure.
GPU-free completion timing passed: cold recording and late FIFO consumption excluded; genuine 1094ms completion still trips the unchanged brake.
GPU-free bounded queue checks passed: capacities, FIFO, backpressure, drain, failure/tail lifetime, device-loss status.
GPU-free BLA profiling and minimum-block policy passed.
GPU-free suspended UI checks passed: Reset/Back/click/resize preserve the bitmap/view and submit no work.
GPU-free fence wait checks passed: both cleanup owners, 10000 races, 2000 native waits; handles 402->402, failure code=6; patched runtime loaded.
DD arithmetic passed: 2062 normalized/extreme pairs, square/scaling equivalence, 1449 768-bit MPFR squares.
Repair budget passed: 1023/1024/1025/1040 tails, partial repair, hard iteration ceiling, trusted preservation.
Sparse retry selector passed: 48 masks, centroid/tie/exclusion oracle, trusted preservation.
QUIET tip 1920x980 run 0: 630.0 ms, exact validated image
QUIET tip 1920x980 run 1: 495.2 ms, exact validated image
QUIET tip 1920x980 run 2: 489.3 ms, exact validated image
QUIET tip 1920x980 run 3: 495.7 ms, exact validated image
QUIET tip 1920x980 run 4: 497.6 ms, exact validated image
QUIET tip 1920x980 run 5: 520.6 ms, exact validated image
QUIET tip 1920x980 run 6: 553.4 ms, exact validated image
QUIET tip 1920x980 run 7: 504.4 ms, exact validated image
QUIET transition 1920x980 run 0: 5031.3 ms, exact validated image
QUIET transition 1920x980 run 1: 5025.9 ms, exact validated image
QUIET transition 1920x980 run 2: 5049.5 ms, exact validated image
QUIET transition 1920x980 run 3: 5032.5 ms, exact validated image
QUIET transition 1920x980 run 4: 5064.4 ms, exact validated image
QUIET transition 1920x980 run 5: 5074.2 ms, exact validated image
QUIET transition 1920x980 run 6: 5074.3 ms, exact validated image
QUIET transition 1920x980 run 7: 5054.3 ms, exact validated image
