Diagnostic policy passed: Debug on, Release off, explicit profiling override (GPU-free).
GPU-free delayed-readback checks passed: interval bounds, first/periodic/final scheduling.
GPU-free safety checks passed: reverse cleanup, cleanup failure, idempotence, dispatch brake, durable journal.
Scaling stage configuration and numerical/dispatch stop checks passed (GPU-free).
GPU-free timing checks passed: exclusive stages, inclusive envelopes, signed residual.
GPU-free journal group checks passed: durable intent, bounded checkpoints, early exit, failure, abort, write failure.
GPU-free completion timing passed: cold recording and late FIFO consumption excluded; genuine 1094ms completion still trips the unchanged brake.
GPU-free bounded queue checks passed: capacities, FIFO, backpressure, drain, failure/tail lifetime, device-loss status.
GPU-free BLA profiling and minimum-block policy passed.
GPU-free suspended UI checks passed: Reset/Back/click/resize preserve the bitmap/view and submit no work.
GPU-free fence wait checks passed: both cleanup owners, 10000 races, 2000 native waits; handles 406->406, failure code=6; patched runtime loaded.
DD arithmetic passed: 2062 normalized/extreme pairs, square/scaling equivalence, 1449 768-bit MPFR squares.
Repair budget passed: 1023/1024/1025/1040 tails, partial repair, hard iteration ceiling, trusted preservation.
Sparse retry selector passed: 48 masks, centroid/tie/exclusion oracle, trusted preservation.
QUIET tip 3804x1932 run 0: 1636.2 ms, exact validated image
QUIET tip 3804x1932 run 1: 1584.4 ms, exact validated image
QUIET tip 3804x1932 run 2: 1523.2 ms, exact validated image
QUIET tip 3804x1932 run 3: 1510.7 ms, exact validated image
QUIET tip 3804x1932 run 4: 1588.4 ms, exact validated image
QUIET tip 3804x1932 run 5: 1576.6 ms, exact validated image
QUIET tip 3804x1932 run 6: 1555.7 ms, exact validated image
QUIET tip 3804x1932 run 7: 1542.3 ms, exact validated image
QUIET transition 3804x1932 run 0: 19356.8 ms, exact validated image
QUIET transition 3804x1932 run 1: 19481.6 ms, exact validated image
QUIET transition 3804x1932 run 2: 19477.4 ms, exact validated image
QUIET transition 3804x1932 run 3: 19600.7 ms, exact validated image
QUIET transition 3804x1932 run 4: 19470.7 ms, exact validated image
QUIET transition 3804x1932 run 5: 19464.8 ms, exact validated image
QUIET transition 3804x1932 run 6: 19471.3 ms, exact validated image
QUIET transition 3804x1932 run 7: 19547.5 ms, exact validated image
