Diagnostic policy passed: Debug on, Release off, explicit profiling override (GPU-free).
GPU-free delayed-readback checks passed: interval bounds, first/periodic/final scheduling.
GPU-free safety checks passed: reverse cleanup, cleanup failure, idempotence, dispatch brake, durable journal.
Scaling stage configuration and numerical/dispatch stop checks passed (GPU-free).
GPU-free timing checks passed: exclusive stages, inclusive envelopes, signed residual.
GPU-free journal group checks passed: durable intent, bounded checkpoints, early exit, failure, abort, write failure.
GPU-free completion timing passed: cold recording and late FIFO consumption excluded; genuine 1094ms completion still trips the unchanged brake.
GPU-free bounded queue checks passed: capacities, FIFO, backpressure, drain, failure/tail lifetime, device-loss status.
GPU-free BLA profiling and minimum-block policy passed.
GPU-free suspended UI checks passed: Reset/Back/click/resize preserve the bitmap/view and submit no work.
GPU-free fence wait checks passed: both cleanup owners, 10000 races, 2000 native waits; handles 415->415, failure code=6; patched runtime loaded.
DD arithmetic passed: 2062 normalized/extreme pairs, square/scaling equivalence, 1449 768-bit MPFR squares.
Repair budget passed: 1023/1024/1025/1040 tails, partial repair, hard iteration ceiling, trusted preservation.
Sparse retry selector passed: 48 masks, centroid/tie/exclusion oracle, trusted preservation.
FP32 PROFILE tip baseline: 107.68 ms, exact image.
FP32 PROFILE tip candidate: 108.82 ms, exact image.
FP32 PROFILE tip baseline: 59.13 ms, exact image.
FP32 PROFILE tip candidate: 56.05 ms, exact image.
FP32 PROFILE tip candidate: 51.64 ms, exact image.
FP32 PROFILE tip baseline: 62.86 ms, exact image.
FP32 PROFILE tip baseline: 46.34 ms, exact image.
FP32 PROFILE tip candidate: 42.14 ms, exact image.
FP32 PROFILE tip candidate: 41.64 ms, exact image.
FP32 PROFILE tip baseline: 37.45 ms, exact image.
FP32 PROFILE transition baseline: 535.97 ms, exact image.
FP32 PROFILE transition candidate: 550.71 ms, exact image.
FP32 PROFILE transition baseline: 534.52 ms, exact image.
FP32 PROFILE transition candidate: 559.06 ms, exact image.
FP32 PROFILE transition candidate: 556.28 ms, exact image.
FP32 PROFILE transition baseline: 542.71 ms, exact image.
FP32 PROFILE transition baseline: 545.45 ms, exact image.
FP32 PROFILE transition candidate: 559.97 ms, exact image.
FP32 PROFILE transition candidate: 551.28 ms, exact image.
FP32 PROFILE transition baseline: 549.03 ms, exact image.
FP32 PROFILE i-boundary baseline: 10.08 ms, exact image.
FP32 PROFILE i-boundary candidate: 13.35 ms, exact image.
FP32 PROFILE i-boundary baseline: 6.08 ms, exact image.
FP32 PROFILE i-boundary candidate: 13.25 ms, exact image.
FP32 PROFILE i-boundary candidate: 10.64 ms, exact image.
FP32 PROFILE i-boundary baseline: 6.71 ms, exact image.
FP32 PROFILE i-boundary baseline: 6.64 ms, exact image.
FP32 PROFILE i-boundary candidate: 10.17 ms, exact image.
FP32 PROFILE i-boundary candidate: 10.98 ms, exact image.
FP32 PROFILE i-boundary baseline: 6.30 ms, exact image.
FP32 PROFILE range-bypass baseline: 7.73 ms, exact image.
FP32 PROFILE range-bypass candidate: 9.60 ms, exact image.
FP32 PROFILE range-bypass baseline: 7.02 ms, exact image.
FP32 PROFILE range-bypass candidate: 8.71 ms, exact image.
FP32 PROFILE range-bypass candidate: 7.99 ms, exact image.
FP32 PROFILE range-bypass baseline: 6.89 ms, exact image.
FP32 PROFILE range-bypass baseline: 7.07 ms, exact image.
FP32 PROFILE range-bypass candidate: 8.33 ms, exact image.
FP32 PROFILE range-bypass candidate: 8.27 ms, exact image.
FP32 PROFILE range-bypass baseline: 7.14 ms, exact image.
FP32 PROFILE filament baseline: 57.94 ms, exact image.
FP32 PROFILE filament candidate: 63.37 ms, exact image.
FP32 PROFILE filament baseline: 60.02 ms, exact image.
FP32 PROFILE filament candidate: 72.25 ms, exact image.
FP32 PROFILE filament candidate: 74.80 ms, exact image.
FP32 PROFILE filament baseline: 55.88 ms, exact image.
FP32 PROFILE filament baseline: 54.65 ms, exact image.
FP32 PROFILE filament candidate: 63.66 ms, exact image.
FP32 PROFILE filament candidate: 65.43 ms, exact image.
FP32 PROFILE filament baseline: 60.78 ms, exact image.
FP32 PROFILE filament-deeper baseline: 22.12 ms, exact image.
FP32 PROFILE filament-deeper candidate: 31.37 ms, exact image.
FP32 PROFILE filament-deeper baseline: 22.81 ms, exact image.
FP32 PROFILE filament-deeper candidate: 34.01 ms, exact image.
FP32 PROFILE filament-deeper candidate: 30.34 ms, exact image.
FP32 PROFILE filament-deeper baseline: 22.00 ms, exact image.
FP32 PROFILE filament-deeper baseline: 22.57 ms, exact image.
FP32 PROFILE filament-deeper candidate: 32.02 ms, exact image.
FP32 PROFILE filament-deeper candidate: 35.98 ms, exact image.
FP32 PROFILE filament-deeper baseline: 25.72 ms, exact image.
FP32 PROFILE component baseline: 23.25 ms, exact image.
FP32 PROFILE component candidate: 8.13 ms, exact image.
FP32 PROFILE component baseline: 22.96 ms, exact image.
FP32 PROFILE component candidate: 7.67 ms, exact image.
FP32 PROFILE component candidate: 7.34 ms, exact image.
FP32 PROFILE component baseline: 24.97 ms, exact image.
FP32 PROFILE component baseline: 23.61 ms, exact image.
FP32 PROFILE component candidate: 8.61 ms, exact image.
FP32 PROFILE component candidate: 8.79 ms, exact image.
FP32 PROFILE component baseline: 23.12 ms, exact image.
