Diagnostic policy passed: Debug on, Release off, explicit profiling override (GPU-free).
GPU-free delayed-readback checks passed: interval bounds, first/periodic/final scheduling.
GPU-free safety checks passed: reverse cleanup, cleanup failure, idempotence, dispatch brake, durable journal.
Scaling stage configuration and numerical/dispatch stop checks passed (GPU-free).
GPU-free timing checks passed: exclusive stages, inclusive envelopes, signed residual.
GPU-free journal group checks passed: durable intent, bounded checkpoints, early exit, failure, abort, write failure.
GPU-free completion timing passed: cold recording and late FIFO consumption excluded; genuine 1094ms completion still trips the unchanged brake.
GPU-free bounded queue checks passed: capacities, FIFO, backpressure, drain, failure/tail lifetime, device-loss status.
GPU-free BLA profiling and minimum-block policy passed.
GPU-free suspended UI checks passed: Reset/Back/click/resize preserve the bitmap/view and submit no work.
GPU-free fence wait checks passed: both cleanup owners, 10000 races, 2000 native waits; handles 402->402, failure code=6; patched runtime loaded.
DD arithmetic passed: 2062 normalized/extreme pairs, square/scaling equivalence, 1449 768-bit MPFR squares.
Repair budget passed: 1023/1024/1025/1040 tails, partial repair, hard iteration ceiling, trusted preservation.
Sparse retry selector passed: 48 masks, centroid/tie/exclusion oracle, trusted preservation.
FP32 PROFILE tip baseline: 39.29 ms, exact image.
FP32 PROFILE tip candidate: 43.61 ms, exact image.
FP32 PROFILE tip baseline: 40.62 ms, exact image.
FP32 PROFILE tip candidate: 42.48 ms, exact image.
FP32 PROFILE tip candidate: 39.01 ms, exact image.
FP32 PROFILE tip baseline: 39.26 ms, exact image.
FP32 PROFILE tip baseline: 36.98 ms, exact image.
FP32 PROFILE tip candidate: 38.47 ms, exact image.
FP32 PROFILE tip candidate: 43.69 ms, exact image.
FP32 PROFILE tip baseline: 22.06 ms, exact image.
FP32 PROFILE transition baseline: 272.37 ms, exact image.
FP32 PROFILE transition candidate: 276.05 ms, exact image.
FP32 PROFILE transition baseline: 261.14 ms, exact image.
FP32 PROFILE transition candidate: 275.33 ms, exact image.
FP32 PROFILE transition candidate: 272.98 ms, exact image.
FP32 PROFILE transition baseline: 267.04 ms, exact image.
FP32 PROFILE transition baseline: 263.55 ms, exact image.
FP32 PROFILE transition candidate: 268.27 ms, exact image.
FP32 PROFILE transition candidate: 277.77 ms, exact image.
FP32 PROFILE transition baseline: 263.26 ms, exact image.
FP32 PROFILE i-boundary baseline: 4.09 ms, exact image.
FP32 PROFILE i-boundary candidate: 7.55 ms, exact image.
FP32 PROFILE i-boundary baseline: 4.01 ms, exact image.
FP32 PROFILE i-boundary candidate: 7.04 ms, exact image.
FP32 PROFILE i-boundary candidate: 8.07 ms, exact image.
FP32 PROFILE i-boundary baseline: 4.02 ms, exact image.
FP32 PROFILE i-boundary baseline: 4.70 ms, exact image.
FP32 PROFILE i-boundary candidate: 7.17 ms, exact image.
FP32 PROFILE i-boundary candidate: 6.72 ms, exact image.
FP32 PROFILE i-boundary baseline: 4.59 ms, exact image.
FP32 PROFILE range-bypass baseline: 4.58 ms, exact image.
FP32 PROFILE range-bypass candidate: 4.79 ms, exact image.
FP32 PROFILE range-bypass baseline: 6.28 ms, exact image.
FP32 PROFILE range-bypass candidate: 4.68 ms, exact image.
FP32 PROFILE range-bypass candidate: 4.56 ms, exact image.
FP32 PROFILE range-bypass baseline: 4.22 ms, exact image.
FP32 PROFILE range-bypass baseline: 4.59 ms, exact image.
FP32 PROFILE range-bypass candidate: 5.48 ms, exact image.
FP32 PROFILE range-bypass candidate: 4.65 ms, exact image.
FP32 PROFILE range-bypass baseline: 5.78 ms, exact image.
FP32 PROFILE filament baseline: 25.17 ms, exact image.
FP32 PROFILE filament candidate: 38.08 ms, exact image.
FP32 PROFILE filament baseline: 25.32 ms, exact image.
FP32 PROFILE filament candidate: 29.56 ms, exact image.
FP32 PROFILE filament candidate: 29.86 ms, exact image.
FP32 PROFILE filament baseline: 21.69 ms, exact image.
FP32 PROFILE filament baseline: 21.96 ms, exact image.
FP32 PROFILE filament candidate: 28.31 ms, exact image.
FP32 PROFILE filament candidate: 29.77 ms, exact image.
FP32 PROFILE filament baseline: 22.65 ms, exact image.
FP32 PROFILE filament-deeper baseline: 12.72 ms, exact image.
FP32 PROFILE filament-deeper candidate: 23.55 ms, exact image.
FP32 PROFILE filament-deeper baseline: 12.75 ms, exact image.
FP32 PROFILE filament-deeper candidate: 22.58 ms, exact image.
FP32 PROFILE filament-deeper candidate: 20.83 ms, exact image.
FP32 PROFILE filament-deeper baseline: 12.79 ms, exact image.
FP32 PROFILE filament-deeper baseline: 12.99 ms, exact image.
FP32 PROFILE filament-deeper candidate: 21.80 ms, exact image.
FP32 PROFILE filament-deeper candidate: 19.43 ms, exact image.
FP32 PROFILE filament-deeper baseline: 12.87 ms, exact image.
FP32 PROFILE component baseline: 9.92 ms, exact image.
FP32 PROFILE component candidate: 4.52 ms, exact image.
FP32 PROFILE component baseline: 10.06 ms, exact image.
FP32 PROFILE component candidate: 5.20 ms, exact image.
FP32 PROFILE component candidate: 4.58 ms, exact image.
FP32 PROFILE component baseline: 10.58 ms, exact image.
FP32 PROFILE component baseline: 11.63 ms, exact image.
FP32 PROFILE component candidate: 4.60 ms, exact image.
FP32 PROFILE component candidate: 4.44 ms, exact image.
FP32 PROFILE component baseline: 10.38 ms, exact image.
