Diagnostic policy passed: Debug on, Release off, explicit profiling override (GPU-free).
GPU-free delayed-readback checks passed: interval bounds, first/periodic/final scheduling.
GPU-free safety checks passed: reverse cleanup, cleanup failure, idempotence, dispatch brake, durable journal.
Scaling stage configuration and numerical/dispatch stop checks passed (GPU-free).
GPU-free timing checks passed: exclusive stages, inclusive envelopes, signed residual.
GPU-free journal group checks passed: durable intent, bounded checkpoints, early exit, failure, abort, write failure.
GPU-free completion timing passed: cold recording and late FIFO consumption excluded; genuine 1094ms completion still trips the unchanged brake.
GPU-free bounded queue checks passed: capacities, FIFO, backpressure, drain, failure/tail lifetime, device-loss status.
GPU-free BLA profiling and minimum-block policy passed.
GPU-free suspended UI checks passed: Reset/Back/click/resize preserve the bitmap/view and submit no work.
GPU-free fence wait checks passed: both cleanup owners, 10000 races, 2000 native waits; handles 408->408, failure code=6; patched runtime loaded.
DD arithmetic passed: 2062 normalized/extreme pairs, square/scaling equivalence, 1449 768-bit MPFR squares.
Repair budget passed: 1023/1024/1025/1040 tails, partial repair, hard iteration ceiling, trusted preservation.
Sparse retry selector passed: 48 masks, centroid/tie/exclusion oracle, trusted preservation.
QUIET tip 1920x980 run 0: 596.9 ms, exact validated image
QUIET tip 1920x980 run 1: 485.3 ms, exact validated image
QUIET tip 1920x980 run 2: 474.4 ms, exact validated image
QUIET transition 1920x980 run 0: 5006.6 ms, exact validated image
QUIET transition 1920x980 run 1: 5019.4 ms, exact validated image
QUIET transition 1920x980 run 2: 5038.4 ms, exact validated image
