C:\Users\andrewsi\OneDrive\Documents\Mandelbrot\MandelbrotGpu.csproj : warning NU1701: Package 'Baseclass.Contrib.Nuget.Output 2.4.1' was restored using '.NETFramework,Version=v4.6.1, .NETFramework,Version=v4.6.2, .NETFramework,Version=v4.7, .NETFramework,Version=v4.7.1, .NETFramework,Version=v4.7.2, .NETFramework,Version=v4.8, .NETFramework,Version=v4.8.1' instead of the project target framework 'net8.0-windows7.0'. This package may not be fully compatible with your project.
C:\Users\andrewsi\OneDrive\Documents\Mandelbrot\MandelbrotGpu.csproj : warning NU1701: Package 'Math.Gmp.Native.NET 2.0.0' was restored using '.NETFramework,Version=v4.6.1, .NETFramework,Version=v4.6.2, .NETFramework,Version=v4.7, .NETFramework,Version=v4.7.1, .NETFramework,Version=v4.7.2, .NETFramework,Version=v4.8, .NETFramework,Version=v4.8.1' instead of the project target framework 'net8.0-windows7.0'. This package may not be fully compatible with your project.
C:\Users\andrewsi\OneDrive\Documents\Mandelbrot\MandelbrotGpu.csproj : warning NU1701: Package 'Math.Mpfr.Native.NET 2.0.0' was restored using '.NETFramework,Version=v4.6.1, .NETFramework,Version=v4.6.2, .NETFramework,Version=v4.7, .NETFramework,Version=v4.7.1, .NETFramework,Version=v4.7.2, .NETFramework,Version=v4.8, .NETFramework,Version=v4.8.1' instead of the project target framework 'net8.0-windows7.0'. This package may not be fully compatible with your project.
Diagnostic policy passed: Debug on, Release off, explicit profiling override (GPU-free).
GPU-free delayed-readback checks passed: interval bounds, first/periodic/final scheduling.
GPU-free safety checks passed: reverse cleanup, cleanup failure, idempotence, dispatch brake, durable journal.
Scaling stage configuration and numerical/dispatch stop checks passed (GPU-free).
GPU-free timing checks passed: exclusive stages, inclusive envelopes, signed residual.
GPU-free journal group checks passed: durable intent, bounded checkpoints, early exit, failure, abort, write failure.
GPU-free completion timing passed: cold recording and late FIFO consumption excluded; genuine 1094ms completion still trips the unchanged brake.
GPU-free bounded queue checks passed: capacities, FIFO, backpressure, drain, failure/tail lifetime, device-loss status.
GPU-free BLA profiling and minimum-block policy passed.
GPU-free suspended UI checks passed: Reset/Back/click/resize preserve the bitmap/view and submit no work.
GPU-free fence wait checks passed: both cleanup owners, 10000 races, 2000 native waits; handles 406->406, failure code=6; patched runtime loaded.
DD arithmetic passed: 2062 normalized/extreme pairs, square/scaling equivalence, 1449 768-bit MPFR squares.
Repair budget passed: 1023/1024/1025/1040 tails, partial repair, hard iteration ceiling, trusted preservation.
QUIET tip 1024x520 run 0: 505.1 ms, exact validated image
QUIET tip 1024x520 run 1: 439.3 ms, exact validated image
QUIET tip 1024x520 run 2: 255.7 ms, exact validated image
QUIET transition 1024x520 run 0: 1583.4 ms, exact validated image
QUIET transition 1024x520 run 1: 1604.5 ms, exact validated image
QUIET transition 1024x520 run 2: 1598.4 ms, exact validated image
